// Jest Snapshot v1, https://goo.gl/fbAQLP

exports[`<Card /> renders the <Card /> with populated data 1`] = `
<div
  class="card__Group-sc-s87lnr-2 hILFxc"
>
  <div
    class="card__Container-sc-s87lnr-1 disckT"
  >
    <p
      class="card__Title-sc-s87lnr-0 joujA-D"
    >
      Documentaries
    </p>
    <div
      class="card__Entities-sc-s87lnr-5 eLlsnc"
    >
      <div
        class="card__Item-sc-s87lnr-8 gfSzbS"
      >
        <img
          class="card__Image-sc-s87lnr-7 gbmtEE"
          src="/images/series/documentaries/tiger-king/small.jpg"
        />
        <div
          class="card__Meta-sc-s87lnr-6 imCVPI"
        >
          <p
            class="card__SubTitle-sc-s87lnr-3 ignsTv"
          >
            Tiger King
          </p>
          <p
            class="card__Text-sc-s87lnr-4 iDCmzO"
          >
            Tiger King description
          </p>
        </div>
      </div>
    </div>
  </div>
  <div
    class="card__Container-sc-s87lnr-1 disckT"
  >
    <p
      class="card__Title-sc-s87lnr-0 joujA-D"
    >
      Feel Good
    </p>
    <div
      class="card__Entities-sc-s87lnr-5 eLlsnc"
    >
      <div
        class="card__Item-sc-s87lnr-8 gfSzbS"
      >
        <img
          class="card__Image-sc-s87lnr-7 gbmtEE"
          src="/images/series/feel-good/juno/small.jpg"
        />
        <div
          class="card__Meta-sc-s87lnr-6 imCVPI"
        >
          <p
            class="card__SubTitle-sc-s87lnr-3 ignsTv"
          >
            Juno
          </p>
          <p
            class="card__Text-sc-s87lnr-4 iDCmzO"
          >
            Juno description
          </p>
        </div>
      </div>
    </div>
  </div>
</div>
`;
